------------------------------------------------------------
Timing Analyzer Summary
------------------------------------------------------------

Type  : Slow 1100mV 85C Model Setup 'CLOCK_50'
Slack : -6.213
TNS   : -1048.106

Type  : Slow 1100mV 85C Model Hold 'CLOCK_50'
Slack : 0.444
TNS   : 0.000

Type  : Slow 1100mV 85C Model Recovery 'SW[9]'
Slack : -3.021
TNS   : -3.021

Type  : Slow 1100mV 85C Model Removal 'SW[9]'
Slack : 0.843
TNS   : 0.000

Type  : Slow 1100mV 85C Model Minimum Pulse Width 'SW[9]'
Slack : -0.575
TNS   : -1.113

Type  : Slow 1100mV 85C Model Minimum Pulse Width 'CLOCK_50'
Slack : -0.538
TNS   : -197.502

Type  : Slow 1100mV 0C Model Setup 'CLOCK_50'
Slack : -6.404
TNS   : -1057.897

Type  : Slow 1100mV 0C Model Hold 'CLOCK_50'
Slack : 0.450
TNS   : 0.000

Type  : Slow 1100mV 0C Model Recovery 'SW[9]'
Slack : -3.237
TNS   : -3.237

Type  : Slow 1100mV 0C Model Removal 'SW[9]'
Slack : 0.990
TNS   : 0.000

Type  : Slow 1100mV 0C Model Minimum Pulse Width 'SW[9]'
Slack : -0.610
TNS   : -1.148

Type  : Slow 1100mV 0C Model Minimum Pulse Width 'CLOCK_50'
Slack : -0.538
TNS   : -176.407

Type  : Fast 1100mV 85C Model Setup 'CLOCK_50'
Slack : -2.485
TNS   : -400.583

Type  : Fast 1100mV 85C Model Hold 'CLOCK_50'
Slack : 0.184
TNS   : 0.000

Type  : Fast 1100mV 85C Model Recovery 'SW[9]'
Slack : -1.298
TNS   : -1.298

Type  : Fast 1100mV 85C Model Removal 'SW[9]'
Slack : 0.491
TNS   : 0.000

Type  : Fast 1100mV 85C Model Minimum Pulse Width 'SW[9]'
Slack : -0.703
TNS   : -1.886

Type  : Fast 1100mV 85C Model Minimum Pulse Width 'CLOCK_50'
Slack : -0.407
TNS   : -101.672

Type  : Fast 1100mV 0C Model Setup 'CLOCK_50'
Slack : -2.191
TNS   : -347.705

Type  : Fast 1100mV 0C Model Hold 'CLOCK_50'
Slack : 0.176
TNS   : 0.000

Type  : Fast 1100mV 0C Model Recovery 'SW[9]'
Slack : -1.171
TNS   : -1.171

Type  : Fast 1100mV 0C Model Removal 'SW[9]'
Slack : 0.467
TNS   : 0.000

Type  : Fast 1100mV 0C Model Minimum Pulse Width 'SW[9]'
Slack : -0.720
TNS   : -2.034

Type  : Fast 1100mV 0C Model Minimum Pulse Width 'CLOCK_50'
Slack : -0.445
TNS   : -122.072

------------------------------------------------------------
