------------------------------------------------------------
Timing Analyzer Summary
------------------------------------------------------------

Type  : Slow 1100mV 85C Model Setup 'CLOCK_50'
Slack : -6.656
TNS   : -1141.180

Type  : Slow 1100mV 85C Model Hold 'CLOCK_50'
Slack : 0.331
TNS   : 0.000

Type  : Slow 1100mV 85C Model Recovery 'SW[9]'
Slack : -2.922
TNS   : -5.840

Type  : Slow 1100mV 85C Model Removal 'SW[9]'
Slack : 0.629
TNS   : 0.000

Type  : Slow 1100mV 85C Model Minimum Pulse Width 'SW[9]'
Slack : -0.674
TNS   : -2.414

Type  : Slow 1100mV 85C Model Minimum Pulse Width 'CLOCK_50'
Slack : -0.538
TNS   : -223.725

Type  : Slow 1100mV 0C Model Setup 'CLOCK_50'
Slack : -6.859
TNS   : -1156.738

Type  : Slow 1100mV 0C Model Hold 'CLOCK_50'
Slack : 0.308
TNS   : 0.000

Type  : Slow 1100mV 0C Model Recovery 'SW[9]'
Slack : -3.167
TNS   : -6.329

Type  : Slow 1100mV 0C Model Removal 'SW[9]'
Slack : 0.783
TNS   : 0.000

Type  : Slow 1100mV 0C Model Minimum Pulse Width 'SW[9]'
Slack : -0.704
TNS   : -2.472

Type  : Slow 1100mV 0C Model Minimum Pulse Width 'CLOCK_50'
Slack : -0.538
TNS   : -198.159

Type  : Fast 1100mV 85C Model Setup 'CLOCK_50'
Slack : -2.634
TNS   : -432.072

Type  : Fast 1100mV 85C Model Hold 'CLOCK_50'
Slack : 0.172
TNS   : 0.000

Type  : Fast 1100mV 85C Model Recovery 'SW[9]'
Slack : -1.164
TNS   : -2.327

Type  : Fast 1100mV 85C Model Removal 'SW[9]'
Slack : 0.426
TNS   : 0.000

Type  : Fast 1100mV 85C Model Minimum Pulse Width 'SW[9]'
Slack : -0.766
TNS   : -3.200

Type  : Fast 1100mV 85C Model Minimum Pulse Width 'CLOCK_50'
Slack : -0.409
TNS   : -115.591

Type  : Fast 1100mV 0C Model Setup 'CLOCK_50'
Slack : -2.362
TNS   : -375.468

Type  : Fast 1100mV 0C Model Hold 'CLOCK_50'
Slack : 0.158
TNS   : 0.000

Type  : Fast 1100mV 0C Model Recovery 'SW[9]'
Slack : -1.075
TNS   : -2.149

Type  : Fast 1100mV 0C Model Removal 'SW[9]'
Slack : 0.409
TNS   : 0.000

Type  : Fast 1100mV 0C Model Minimum Pulse Width 'SW[9]'
Slack : -0.782
TNS   : -3.392

Type  : Fast 1100mV 0C Model Minimum Pulse Width 'CLOCK_50'
Slack : -0.446
TNS   : -137.978

------------------------------------------------------------
